// Jest Snapshot v1, https://goo.gl/fbAQLP

exports[`Matches snapshot 1`] = `
<div
  className="bubble user"
  data-testid="chatbubble-test"
>
  <span>
    I'm a user
  </span>
</div>
`;
